        
          		   		   		 
		        
   <div class="container">
    <h1>user detail</h1>
  <form novalidate="novalidate" class="form-horizontal">
      		  <div class="control-group">
            <label class="control-label" for="userfirstName">user firstName </label>
              <div class="controls">
                <input type="text" id="inputFirstName" ng-model="user.firstName"/>
            </div>
        </div>
         		  <div class="control-group">
            <label class="control-label" for="userlastName">user lastName </label>
              <div class="controls">
                <input type="text" id="inputFirstName" ng-model="user.lastName"/>
            </div>
        </div>
         		 <div class="control-group">
            <div class="controls">
                       </div>
        </div>
        
    </form>
</div>
           </tr>
        </tbody>
    </table>
</div>