        
          		   		   		 
		 		 
		 <div class="span6">
          <table class="table table-striped table-condensed">
        <thead>
        <tr>
            <th style="min-width: 80px;">First name</th>
            <th style="min-width: 80px;">Last name</th>
            <th style="width:20px;">&nbsp;</th>
            <th style="width:20px;">&nbsp;</th>
        </tr>
        </thead>
        <tbody>
		 
		   
        <tr ng-repeat="user in users">
        
                      <td>{{ user.firstName }}</td>
		              <td>{{ user.lastName }}</td>
		   
            
                      
               </tr>
        </tbody>
    </table>
</div>